
> my-v0-project@0.1.0 build
> next build

   Γû▓ Next.js 15.2.4
   - Environments: .env.local, .env

   Creating an optimized production build ...
 Γ£ô Compiled successfully
   Skipping validation of types
   Skipping linting
   Collecting page data ...
   Generating static pages (0/28) ...
   Generating static pages (7/28) 
   Generating static pages (14/28) 
   Generating static pages (21/28) 
 Γ£ô Generating static pages (28/28)
   Finalizing page optimization ...
   Collecting build traces ...

Route (app)                                 Size  First Load JS
Γöî Γùï /                                    2.83 kB         115 kB
Γö£ Γùï /_not-found                            981 B         102 kB
Γö£ ╞Æ /api/auth/[...nextauth]                189 B         101 kB
Γö£ ╞Æ /api/auth/signup                       189 B         101 kB
Γö£ ╞Æ /api/bookings                          189 B         101 kB
Γö£ ╞Æ /api/bookings/[id]                     189 B         101 kB
Γö£ ╞Æ /api/dashboard                         189 B         101 kB
Γö£ ╞Æ /api/db-diagnostic                     189 B         101 kB
Γö£ ╞Æ /api/health                            189 B         101 kB
Γö£ ╞Æ /api/profile                           189 B         101 kB
Γö£ ╞Æ /api/profile/avatar                    189 B         101 kB
Γö£ ╞Æ /api/profile/delete-account            189 B         101 kB
Γö£ ╞Æ /api/simple-test                       189 B         101 kB
Γö£ ╞Æ /api/test                              189 B         101 kB
Γö£ ╞Æ /api/test-connection                   189 B         101 kB
Γö£ ╞Æ /api/test-db                           189 B         101 kB
Γö£ ╞Æ /api/trips                             189 B         101 kB
Γö£ ╞Æ /api/trips/[id]                        189 B         101 kB
Γö£ ╞Æ /api/trips/[id]/generate-itinerary     189 B         101 kB
Γö£ Γùï /bookings                            3.74 kB         150 kB
Γö£ Γùï /bookings/create                     12.2 kB         146 kB
Γö£ Γùï /bookings/search                     12.9 kB         125 kB
Γö£ Γùï /dashboard                           9.42 kB         156 kB
Γö£ Γùï /forgot-password                     2.55 kB         114 kB
Γö£ Γùï /login                               3.79 kB         119 kB
Γö£ Γùï /profile                             8.05 kB         120 kB
Γö£ Γùï /settings                            6.06 kB         132 kB
Γö£ Γùï /signup                              3.64 kB         115 kB
Γö£ Γùï /trips                               3.88 kB         151 kB
Γö£ ╞Æ /trips/[id]                          41.3 kB         185 kB
Γöö Γùï /trips/create                        6.32 kB         118 kB
+ First Load JS shared by all             101 kB
  Γö£ chunks/1684-833b0200b437a6af.js      45.3 kB
  Γö£ chunks/4bd1b696-3081b05d655b4e38.js  53.2 kB
  Γöö other shared chunks (total)             2 kB


╞Æ Middleware                             43.5 kB

Γùï  (Static)   prerendered as static content
╞Æ  (Dynamic)  server-rendered on demand

